
================ 自检结果 ================
  [PASS] three.js 加载 — r160
  [PASS] 模块完整性 — 18 个模块全部就位
  [PASS] 游戏启动 — state=PLAYING hp=100
  [PASS] 键盘移动 — x 位移 12.37
  [PASS] 敌人刷新 — 2 只，类型: charger
  [PASS] 自动索敌射击 — 1 发在飞
  [PASS] 击杀判定 — 3 杀
  [PASS] 经验掉落 — 3 颗晶体在场
  [PASS] 升级选卡弹窗 — pending=11
  [PASS] 三选一卡片 — 能量护盾 / 湮灭力场 / 无人僚机
  [PASS] 选卡生效 — LV12 state=LEVELUP 剩余升级=10
  [PASS] 僚机编队 — 4 架
  [PASS] 僚机跟随 — 距母机 19.41 / 7.23 / 4.50 / 3.20
  [PASS] 阵型切换 — → 1
  [PASS] 波次时间驱动 — 推进到 W12
  [PASS] 满配压测 — 敌22 弹35 敌弹4 导14 晶25 杀25
  [PASS] 帧率采样(软件渲染) — 11.1 FPS（SwiftShader，真实 GPU 会高得多）
  [PASS] 百级敌人承载 — 160 只同屏，state=LEVELUP
  [PASS] BOSS 生成 — HP=8600 phase=1（进场演出中）
  [PASS] BOSS 受伤 — 8600 → 4100
  [PASS] BOSS 阶段切换 — phase=2 血量比=0.477
  [PASS] 通关结算 — 任务达成
  [PASS] 无尽模式解锁 — 按钮已显示
  [PASS] 重开彻底清理 — kills=0 lv=1 wave=1 僚机=0 敌=0 武器={"cannon":1}
  [PASS] 死亡结算 — 舰船损毁
  [PASS] 场景对象数 — 36 个顶层节点（应保持稳定，不随重开增长）
  [PASS] 控制台零报错
  [PASS] 战斗截图 — tools/shot_gameplay.png
  [PASS] 选卡截图 — tools/shot_levelup.png
==========================================
通过 29 / 失败 0
